=== [1/4] build_version_m ===
2026-08-14 16:37:48,213 | INFO | Loading mined, categorized rules ...
2026-08-14 16:37:48,232 | INFO |   category 'homologation': 257 rules
2026-08-14 16:37:48,233 | INFO |   category 'halogen-walk': 197 rules
2026-08-14 16:37:48,233 | INFO |   category 'bioisostere': 426 rules
2026-08-14 16:37:48,233 | INFO |   category 'other': 102 rules
2026-08-14 16:37:48,233 | INFO |   category 'scaffold-hop': 234 rules
2026-08-14 16:37:50,695 | INFO | Loaded 16220 unique authentic parents
2026-08-14 16:42:14,781 | INFO | [homologation] generated 2000/2000
2026-08-14 16:43:37,876 | INFO | [halogen-walk] generated 2000/2000
2026-08-14 16:46:38,730 | INFO | [bioisostere] generated 2000/2000
2026-08-14 16:49:55,606 | INFO | [other] generated 2000/2000
2026-08-14 16:55:28,515 | INFO | [scaffold-hop] generated 2000/2000
2026-08-14 16:55:28,690 | INFO | ============================================================
2026-08-14 16:55:28,690 | INFO | Version M built: 10000 counterfeits across 5 categories -> version_m/
2026-08-14 16:55:28,690 | INFO |   homologation  :  2000  sim=0.623  edits=3.49
2026-08-14 16:55:28,690 | INFO |   halogen-walk  :  2000  sim=0.639  edits=2.51
2026-08-14 16:55:28,690 | INFO |   bioisostere   :  2000  sim=0.631  edits=3.26
2026-08-14 16:55:28,690 | INFO |   other         :  2000  sim=0.595  edits=2.66
2026-08-14 16:55:28,690 | INFO |   scaffold-hop  :  2000  sim=0.585  edits=6.24
=== [2/4] build_version_e (model-free) ===
2026-08-14 16:55:29,644 | INFO | Loaded 1216 mutation rules from mined_transformations.py
2026-08-14 16:55:36,030 | INFO | Loaded 200 unique authentic parents
2026-08-14 16:55:36,931 | INFO | Running NSGA-II: pop=30, generations=15, objectives=3
2026-08-14 16:55:39,254 | INFO | Running NSGA-II: pop=30, generations=15, objectives=3
2026-08-14 16:55:42,924 | INFO | Running NSGA-II: pop=30, generations=15, objectives=3
2026-08-14 16:55:44,594 | INFO | Running NSGA-II: pop=30, generations=15, objectives=3
2026-08-14 16:55:46,472 | INFO | Running NSGA-II: pop=30, generations=15, objectives=3
2026-08-14 16:55:48,438 | INFO | Running NSGA-II: pop=30, generations=15, objectives=3
2026-08-14 16:55:50,545 | INFO | Running NSGA-II: pop=30, generations=15, objectives=3
2026-08-14 16:55:52,853 | INFO | Running NSGA-II: pop=30, generations=15, objectives=3
2026-08-14 16:55:54,839 | INFO | Running NSGA-II: pop=30, generations=15, objectives=3
2026-08-14 16:55:56,955 | INFO | Running NSGA-II: pop=30, generations=15, objectives=3
2026-08-14 16:55:59,277 | INFO |   ...10/200 parents, 24 counterfeits so far (0 fool the detector)
2026-08-14 16:55:59,278 | INFO | Running NSGA-II: pop=30, generations=15, objectives=3
2026-08-14 16:56:01,586 | INFO | Running NSGA-II: pop=30, generations=15, objectives=3
2026-08-14 16:56:13,514 | INFO | Running NSGA-II: pop=30, generations=15, objectives=3
2026-08-14 16:56:15,487 | INFO | Running NSGA-II: pop=30, generations=15, objectives=3
2026-08-14 16:56:17,639 | INFO | Running NSGA-II: pop=30, generations=15, objectives=3
2026-08-14 16:56:19,898 | INFO | Running NSGA-II: pop=30, generations=15, objectives=3
2026-08-14 16:56:21,791 | INFO | Running NSGA-II: pop=30, generations=15, objectives=3
2026-08-14 16:56:24,282 | INFO | Running NSGA-II: pop=30, generations=15, objectives=3
2026-08-14 16:56:26,071 | INFO | Running NSGA-II: pop=30, generations=15, objectives=3
2026-08-14 16:56:27,813 | INFO | Running NSGA-II: pop=30, generations=15, objectives=3
2026-08-14 16:56:29,905 | INFO |   ...20/200 parents, 55 counterfeits so far (0 fool the detector)
2026-08-14 16:56:29,907 | INFO | Running NSGA-II: pop=30, generations=15, objectives=3
2026-08-14 16:56:32,261 | INFO | Running NSGA-II: pop=30, generations=15, objectives=3
2026-08-14 16:56:34,696 | INFO | Running NSGA-II: pop=30, generations=15, objectives=3
2026-08-14 16:56:36,764 | INFO | Running NSGA-II: pop=30, generations=15, objectives=3
2026-08-14 16:56:38,936 | INFO | Running NSGA-II: pop=30, generations=15, objectives=3
2026-08-14 16:56:40,998 | INFO | Running NSGA-II: pop=30, generations=15, objectives=3
2026-08-14 16:56:43,102 | INFO | Running NSGA-II: pop=30, generations=15, objectives=3
2026-08-14 16:56:44,980 | INFO | Running NSGA-II: pop=30, generations=15, objectives=3
2026-08-14 16:56:46,797 | INFO | Running NSGA-II: pop=30, generations=15, objectives=3
2026-08-14 16:56:49,079 | INFO | Running NSGA-II: pop=30, generations=15, objectives=3
2026-08-14 16:56:51,529 | INFO |   ...30/200 parents, 83 counterfeits so far (0 fool the detector)
2026-08-14 16:56:51,530 | INFO | Running NSGA-II: pop=30, generations=15, objectives=3
2026-08-14 16:56:53,309 | INFO | Running NSGA-II: pop=30, generations=15, objectives=3
2026-08-14 16:56:55,315 | INFO | Running NSGA-II: pop=30, generations=15, objectives=3
2026-08-14 16:56:57,373 | INFO | Running NSGA-II: pop=30, generations=15, objectives=3
2026-08-14 16:56:59,381 | INFO | Running NSGA-II: pop=30, generations=15, objectives=3
2026-08-14 16:57:02,273 | INFO | Running NSGA-II: pop=30, generations=15, objectives=3
2026-08-14 16:57:05,681 | INFO | Running NSGA-II: pop=30, generations=15, objectives=3
2026-08-14 16:57:08,121 | INFO | Running NSGA-II: pop=30, generations=15, objectives=3
2026-08-14 16:57:09,462 | INFO | Running NSGA-II: pop=30, generations=15, objectives=3
2026-08-14 16:57:10,934 | INFO | Running NSGA-II: pop=30, generations=15, objectives=3
2026-08-14 16:57:12,300 | INFO |   ...40/200 parents, 109 counterfeits so far (0 fool the detector)
2026-08-14 16:57:12,300 | INFO | Running NSGA-II: pop=30, generations=15, objectives=3
2026-08-14 16:57:13,592 | INFO | Running NSGA-II: pop=30, generations=15, objectives=3
2026-08-14 16:57:15,406 | INFO | Running NSGA-II: pop=30, generations=15, objectives=3
2026-08-14 16:57:16,812 | INFO | Running NSGA-II: pop=30, generations=15, objectives=3
2026-08-14 16:57:18,069 | INFO | Running NSGA-II: pop=30, generations=15, objectives=3
2026-08-14 16:57:29,681 | INFO | Running NSGA-II: pop=30, generations=15, objectives=3
2026-08-14 16:57:31,130 | INFO | Running NSGA-II: pop=30, generations=15, objectives=3
2026-08-14 16:57:32,385 | INFO | Running NSGA-II: pop=30, generations=15, objectives=3
2026-08-14 16:57:49,455 | INFO | Running NSGA-II: pop=30, generations=15, objectives=3
2026-08-14 16:57:50,780 | INFO | Running NSGA-II: pop=30, generations=15, objectives=3
2026-08-14 16:57:52,921 | INFO |   ...50/200 parents, 131 counterfeits so far (0 fool the detector)
2026-08-14 16:57:52,921 | INFO | Running NSGA-II: pop=30, generations=15, objectives=3
2026-08-14 16:57:54,376 | INFO | Running NSGA-II: pop=30, generations=15, objectives=3
2026-08-14 16:57:55,766 | INFO | Running NSGA-II: pop=30, generations=15, objectives=3
2026-08-14 16:57:58,642 | INFO | Running NSGA-II: pop=30, generations=15, objectives=3
2026-08-14 16:57:59,908 | INFO | Running NSGA-II: pop=30, generations=15, objectives=3
2026-08-14 16:58:01,129 | INFO | Running NSGA-II: pop=30, generations=15, objectives=3
2026-08-14 16:58:02,324 | INFO | Running NSGA-II: pop=30, generations=15, objectives=3
2026-08-14 16:58:03,687 | INFO | Running NSGA-II: pop=30, generations=15, objectives=3
2026-08-14 16:58:05,126 | INFO | Running NSGA-II: pop=30, generations=15, objectives=3
2026-08-14 16:58:06,432 | INFO | Running NSGA-II: pop=30, generations=15, objectives=3
2026-08-14 16:58:08,325 | INFO |   ...60/200 parents, 159 counterfeits so far (0 fool the detector)
2026-08-14 16:58:08,325 | INFO | Running NSGA-II: pop=30, generations=15, objectives=3
2026-08-14 16:58:10,542 | INFO | Running NSGA-II: pop=30, generations=15, objectives=3
2026-08-14 16:58:12,223 | INFO | Running NSGA-II: pop=30, generations=15, objectives=3
2026-08-14 16:58:13,784 | INFO | Running NSGA-II: pop=30, generations=15, objectives=3
2026-08-14 16:58:15,087 | INFO | Running NSGA-II: pop=30, generations=15, objectives=3
2026-08-14 16:58:16,354 | INFO | Running NSGA-II: pop=30, generations=15, objectives=3
2026-08-14 16:58:20,015 | INFO | Running NSGA-II: pop=30, generations=15, objectives=3
2026-08-14 16:58:21,636 | INFO | Running NSGA-II: pop=30, generations=15, objectives=3
2026-08-14 16:58:23,097 | INFO | Running NSGA-II: pop=30, generations=15, objectives=3
2026-08-14 16:58:24,345 | INFO | Running NSGA-II: pop=30, generations=15, objectives=3
2026-08-14 16:58:25,916 | INFO |   ...70/200 parents, 181 counterfeits so far (0 fool the detector)
2026-08-14 16:58:25,916 | INFO | Running NSGA-II: pop=30, generations=15, objectives=3
2026-08-14 16:58:27,288 | INFO | Running NSGA-II: pop=30, generations=15, objectives=3
2026-08-14 16:58:28,622 | INFO | Running NSGA-II: pop=30, generations=15, objectives=3
2026-08-14 16:58:29,945 | INFO | Running NSGA-II: pop=30, generations=15, objectives=3
2026-08-14 16:58:31,693 | INFO | Running NSGA-II: pop=30, generations=15, objectives=3
2026-08-14 16:58:33,109 | INFO | Running NSGA-II: pop=30, generations=15, objectives=3
2026-08-14 16:58:34,553 | INFO | Running NSGA-II: pop=30, generations=15, objectives=3
2026-08-14 16:58:35,760 | INFO | Running NSGA-II: pop=30, generations=15, objectives=3
2026-08-14 16:58:37,501 | INFO | Running NSGA-II: pop=30, generations=15, objectives=3
2026-08-14 16:58:38,759 | INFO | Running NSGA-II: pop=30, generations=15, objectives=3
2026-08-14 16:58:40,114 | INFO |   ...80/200 parents, 210 counterfeits so far (0 fool the detector)
2026-08-14 16:58:40,115 | INFO | Running NSGA-II: pop=30, generations=15, objectives=3
2026-08-14 16:58:41,403 | INFO | Running NSGA-II: pop=30, generations=15, objectives=3
2026-08-14 16:58:42,573 | INFO | Running NSGA-II: pop=30, generations=15, objectives=3
2026-08-14 16:58:44,112 | INFO | Running NSGA-II: pop=30, generations=15, objectives=3
2026-08-14 16:58:45,440 | INFO | Running NSGA-II: pop=30, generations=15, objectives=3
2026-08-14 16:58:47,227 | INFO | Running NSGA-II: pop=30, generations=15, objectives=3
2026-08-14 16:58:48,539 | INFO | Running NSGA-II: pop=30, generations=15, objectives=3
2026-08-14 16:58:49,802 | INFO | Running NSGA-II: pop=30, generations=15, objectives=3
2026-08-14 16:58:50,910 | INFO | Running NSGA-II: pop=30, generations=15, objectives=3
2026-08-14 16:58:52,186 | INFO | Running NSGA-II: pop=30, generations=15, objectives=3
2026-08-14 16:58:53,554 | INFO |   ...90/200 parents, 239 counterfeits so far (0 fool the detector)
2026-08-14 16:58:53,554 | INFO | Running NSGA-II: pop=30, generations=15, objectives=3
2026-08-14 16:58:55,248 | INFO | Running NSGA-II: pop=30, generations=15, objectives=3
2026-08-14 16:58:56,654 | INFO | Running NSGA-II: pop=30, generations=15, objectives=3
2026-08-14 16:59:03,856 | INFO | Running NSGA-II: pop=30, generations=15, objectives=3
2026-08-14 16:59:05,915 | INFO | Running NSGA-II: pop=30, generations=15, objectives=3
2026-08-14 16:59:09,118 | INFO | Running NSGA-II: pop=30, generations=15, objectives=3
2026-08-14 16:59:11,034 | INFO | Running NSGA-II: pop=30, generations=15, objectives=3
2026-08-14 16:59:12,124 | INFO | Running NSGA-II: pop=30, generations=15, objectives=3
2026-08-14 16:59:13,455 | INFO | Running NSGA-II: pop=30, generations=15, objectives=3
2026-08-14 16:59:15,378 | INFO | Running NSGA-II: pop=30, generations=15, objectives=3
2026-08-14 16:59:17,509 | INFO |   ...100/200 parents, 263 counterfeits so far (0 fool the detector)
2026-08-14 16:59:17,510 | INFO | Running NSGA-II: pop=30, generations=15, objectives=3
2026-08-14 16:59:20,950 | INFO | Running NSGA-II: pop=30, generations=15, objectives=3
2026-08-14 16:59:32,523 | INFO | Running NSGA-II: pop=30, generations=15, objectives=3
2026-08-14 16:59:34,017 | INFO | Running NSGA-II: pop=30, generations=15, objectives=3
2026-08-14 16:59:35,186 | INFO | Running NSGA-II: pop=30, generations=15, objectives=3
2026-08-14 16:59:36,320 | INFO | Running NSGA-II: pop=30, generations=15, objectives=3
2026-08-14 16:59:37,527 | INFO | Running NSGA-II: pop=30, generations=15, objectives=3
2026-08-14 16:59:38,800 | INFO | Running NSGA-II: pop=30, generations=15, objectives=3
2026-08-14 16:59:39,928 | INFO | Running NSGA-II: pop=30, generations=15, objectives=3
2026-08-14 16:59:41,081 | INFO | Running NSGA-II: pop=30, generations=15, objectives=3
2026-08-14 16:59:42,187 | INFO |   ...110/200 parents, 291 counterfeits so far (0 fool the detector)
2026-08-14 16:59:42,188 | INFO | Running NSGA-II: pop=30, generations=15, objectives=3
2026-08-14 16:59:43,556 | INFO | Running NSGA-II: pop=30, generations=15, objectives=3
2026-08-14 16:59:44,805 | INFO | Running NSGA-II: pop=30, generations=15, objectives=3
2026-08-14 16:59:46,086 | INFO | Running NSGA-II: pop=30, generations=15, objectives=3
2026-08-14 16:59:47,612 | INFO | Running NSGA-II: pop=30, generations=15, objectives=3
2026-08-14 16:59:49,521 | INFO | Running NSGA-II: pop=30, generations=15, objectives=3
2026-08-14 16:59:56,262 | INFO | Running NSGA-II: pop=30, generations=15, objectives=3
2026-08-14 16:59:57,620 | INFO | Running NSGA-II: pop=30, generations=15, objectives=3
2026-08-14 16:59:59,165 | INFO | Running NSGA-II: pop=30, generations=15, objectives=3
2026-08-14 17:00:00,703 | INFO | Running NSGA-II: pop=30, generations=15, objectives=3
2026-08-14 17:00:03,061 | INFO |   ...120/200 parents, 325 counterfeits so far (0 fool the detector)
2026-08-14 17:00:03,062 | INFO | Running NSGA-II: pop=30, generations=15, objectives=3
2026-08-14 17:00:04,778 | INFO | Running NSGA-II: pop=30, generations=15, objectives=3
2026-08-14 17:00:07,864 | INFO | Running NSGA-II: pop=30, generations=15, objectives=3
2026-08-14 17:00:09,558 | INFO | Running NSGA-II: pop=30, generations=15, objectives=3
2026-08-14 17:00:11,138 | INFO | Running NSGA-II: pop=30, generations=15, objectives=3
2026-08-14 17:00:12,396 | INFO | Running NSGA-II: pop=30, generations=15, objectives=3
2026-08-14 17:00:13,790 | INFO | Running NSGA-II: pop=30, generations=15, objectives=3
2026-08-14 17:00:15,647 | INFO | Running NSGA-II: pop=30, generations=15, objectives=3
2026-08-14 17:00:17,529 | INFO | Running NSGA-II: pop=30, generations=15, objectives=3
2026-08-14 17:00:18,863 | INFO | Running NSGA-II: pop=30, generations=15, objectives=3
2026-08-14 17:00:20,894 | INFO |   ...130/200 parents, 350 counterfeits so far (0 fool the detector)
2026-08-14 17:00:20,895 | INFO | Running NSGA-II: pop=30, generations=15, objectives=3
2026-08-14 17:00:24,047 | INFO | Running NSGA-II: pop=30, generations=15, objectives=3
2026-08-14 17:00:27,634 | INFO | Running NSGA-II: pop=30, generations=15, objectives=3
2026-08-14 17:00:29,079 | INFO | Running NSGA-II: pop=30, generations=15, objectives=3
2026-08-14 17:00:30,571 | INFO | Running NSGA-II: pop=30, generations=15, objectives=3
2026-08-14 17:00:38,082 | INFO | Running NSGA-II: pop=30, generations=15, objectives=3
2026-08-14 17:00:39,455 | INFO | Running NSGA-II: pop=30, generations=15, objectives=3
2026-08-14 17:00:40,657 | INFO | Running NSGA-II: pop=30, generations=15, objectives=3
2026-08-14 17:00:42,186 | INFO | Running NSGA-II: pop=30, generations=15, objectives=3
2026-08-14 17:00:43,914 | INFO | Running NSGA-II: pop=30, generations=15, objectives=3
2026-08-14 17:00:45,756 | INFO |   ...140/200 parents, 378 counterfeits so far (0 fool the detector)
2026-08-14 17:00:45,757 | INFO | Running NSGA-II: pop=30, generations=15, objectives=3
2026-08-14 17:00:47,037 | INFO | Running NSGA-II: pop=30, generations=15, objectives=3
2026-08-14 17:00:48,337 | INFO | Running NSGA-II: pop=30, generations=15, objectives=3
2026-08-14 17:00:49,723 | INFO | Running NSGA-II: pop=30, generations=15, objectives=3
2026-08-14 17:00:51,028 | INFO | Running NSGA-II: pop=30, generations=15, objectives=3
2026-08-14 17:00:52,275 | INFO | Running NSGA-II: pop=30, generations=15, objectives=3
2026-08-14 17:00:53,743 | INFO | Running NSGA-II: pop=30, generations=15, objectives=3
2026-08-14 17:00:55,004 | INFO | Running NSGA-II: pop=30, generations=15, objectives=3
2026-08-14 17:00:56,266 | INFO | Running NSGA-II: pop=30, generations=15, objectives=3
2026-08-14 17:00:57,270 | INFO | Running NSGA-II: pop=30, generations=15, objectives=3
2026-08-14 17:00:58,845 | INFO |   ...150/200 parents, 409 counterfeits so far (0 fool the detector)
2026-08-14 17:00:58,846 | INFO | Running NSGA-II: pop=30, generations=15, objectives=3
2026-08-14 17:01:00,263 | INFO | Running NSGA-II: pop=30, generations=15, objectives=3
2026-08-14 17:01:01,567 | INFO | Running NSGA-II: pop=30, generations=15, objectives=3
2026-08-14 17:01:03,000 | INFO | Running NSGA-II: pop=30, generations=15, objectives=3
2026-08-14 17:01:05,324 | INFO | Running NSGA-II: pop=30, generations=15, objectives=3
2026-08-14 17:01:07,032 | INFO | Running NSGA-II: pop=30, generations=15, objectives=3
2026-08-14 17:01:08,487 | INFO | Running NSGA-II: pop=30, generations=15, objectives=3
2026-08-14 17:01:09,679 | INFO | Running NSGA-II: pop=30, generations=15, objectives=3
2026-08-14 17:01:10,899 | INFO | Running NSGA-II: pop=30, generations=15, objectives=3
2026-08-14 17:01:11,944 | INFO | Running NSGA-II: pop=30, generations=15, objectives=3
2026-08-14 17:01:13,726 | INFO |   ...160/200 parents, 437 counterfeits so far (0 fool the detector)
2026-08-14 17:01:13,727 | INFO | Running NSGA-II: pop=30, generations=15, objectives=3
2026-08-14 17:01:21,448 | INFO | Running NSGA-II: pop=30, generations=15, objectives=3
2026-08-14 17:01:22,796 | INFO | Running NSGA-II: pop=30, generations=15, objectives=3
2026-08-14 17:01:24,139 | INFO | Running NSGA-II: pop=30, generations=15, objectives=3
2026-08-14 17:01:25,859 | INFO | Running NSGA-II: pop=30, generations=15, objectives=3
2026-08-14 17:01:27,234 | INFO | Running NSGA-II: pop=30, generations=15, objectives=3
2026-08-14 17:01:28,507 | INFO | Running NSGA-II: pop=30, generations=15, objectives=3
2026-08-14 17:01:29,752 | INFO | Running NSGA-II: pop=30, generations=15, objectives=3
2026-08-14 17:01:31,051 | INFO | Running NSGA-II: pop=30, generations=15, objectives=3
2026-08-14 17:01:32,345 | INFO | Running NSGA-II: pop=30, generations=15, objectives=3
2026-08-14 17:01:33,522 | INFO |   ...170/200 parents, 459 counterfeits so far (0 fool the detector)
2026-08-14 17:01:33,522 | INFO | Running NSGA-II: pop=30, generations=15, objectives=3
2026-08-14 17:01:34,850 | INFO | Running NSGA-II: pop=30, generations=15, objectives=3
2026-08-14 17:01:36,358 | INFO | Running NSGA-II: pop=30, generations=15, objectives=3
2026-08-14 17:01:37,723 | INFO | Running NSGA-II: pop=30, generations=15, objectives=3
2026-08-14 17:01:39,083 | INFO | Running NSGA-II: pop=30, generations=15, objectives=3
2026-08-14 17:01:41,439 | INFO | Running NSGA-II: pop=30, generations=15, objectives=3
2026-08-14 17:01:42,926 | INFO | Running NSGA-II: pop=30, generations=15, objectives=3
2026-08-14 17:01:44,288 | INFO | Running NSGA-II: pop=30, generations=15, objectives=3
2026-08-14 17:01:45,479 | INFO | Running NSGA-II: pop=30, generations=15, objectives=3
2026-08-14 17:01:46,794 | INFO | Running NSGA-II: pop=30, generations=15, objectives=3
2026-08-14 17:01:48,827 | INFO |   ...180/200 parents, 485 counterfeits so far (0 fool the detector)
2026-08-14 17:01:48,828 | INFO | Running NSGA-II: pop=30, generations=15, objectives=3
2026-08-14 17:01:49,992 | INFO | Running NSGA-II: pop=30, generations=15, objectives=3
2026-08-14 17:01:51,408 | INFO | Running NSGA-II: pop=30, generations=15, objectives=3
2026-08-14 17:01:52,943 | INFO | Running NSGA-II: pop=30, generations=15, objectives=3
2026-08-14 17:01:54,319 | INFO | Running NSGA-II: pop=30, generations=15, objectives=3
2026-08-14 17:01:55,910 | INFO | Running NSGA-II: pop=30, generations=15, objectives=3
2026-08-14 17:01:57,095 | INFO | Running NSGA-II: pop=30, generations=15, objectives=3
2026-08-14 17:01:58,293 | INFO | Running NSGA-II: pop=30, generations=15, objectives=3
2026-08-14 17:02:05,061 | INFO | Running NSGA-II: pop=30, generations=15, objectives=3
2026-08-14 17:02:07,666 | INFO | Running NSGA-II: pop=30, generations=15, objectives=3
2026-08-14 17:02:09,755 | INFO |   ...190/200 parents, 514 counterfeits so far (0 fool the detector)
2026-08-14 17:02:09,755 | INFO | Running NSGA-II: pop=30, generations=15, objectives=3
2026-08-14 17:02:11,686 | INFO | Running NSGA-II: pop=30, generations=15, objectives=3
2026-08-14 17:02:13,190 | INFO | Running NSGA-II: pop=30, generations=15, objectives=3
2026-08-14 17:02:14,922 | INFO | Running NSGA-II: pop=30, generations=15, objectives=3
2026-08-14 17:02:16,379 | INFO | Running NSGA-II: pop=30, generations=15, objectives=3
2026-08-14 17:02:17,583 | INFO | Running NSGA-II: pop=30, generations=15, objectives=3
2026-08-14 17:02:18,967 | INFO | Running NSGA-II: pop=30, generations=15, objectives=3
2026-08-14 17:02:20,186 | INFO | Running NSGA-II: pop=30, generations=15, objectives=3
2026-08-14 17:02:21,435 | INFO | Running NSGA-II: pop=30, generations=15, objectives=3
2026-08-14 17:02:22,744 | INFO | Running NSGA-II: pop=30, generations=15, objectives=3
2026-08-14 17:02:24,019 | INFO |   ...200/200 parents, 538 counterfeits so far (0 fool the detector)
2026-08-14 17:02:24,026 | INFO | ============================================================
2026-08-14 17:02:24,026 | INFO | Version E built: 538 evolved counterfeits from 200 parents -> version_e/
2026-08-14 17:02:24,027 | INFO |   fooling the detector (P<0.5): 0 (0%)
=== [3/4] assemble_benchmark ===
2026-08-14 17:02:59,793 | INFO | Authentic pool: 16220 molecules
2026-08-14 17:03:19,909 | INFO | Assembling 24 datasets: ['category_bioisostere', 'category_halogen-walk', 'category_homologation', 'category_other', 'category_scaffold-hop', 'evolved', 'pooled', 'subcategory_bioisostere.F->O', 'subcategory_bioisostere.N->O', 'subcategory_bioisostere.add-N', 'subcategory_bioisostere.add-O', 'subcategory_bioisostere.unsaturation-change', 'subcategory_halogen-walk.Cl->F', 'subcategory_halogen-walk.add-Cl', 'subcategory_halogen-walk.add-F', 'subcategory_halogen-walk.add-I', 'subcategory_homologation.grow-long', 'subcategory_homologation.grow-short', 'subcategory_homologation.grow-single', 'subcategory_homologation.shrink-single', 'subcategory_other.other', 'subcategory_scaffold-hop.add-ring', 'subcategory_scaffold-hop.aromatize', 'subcategory_scaffold-hop.ring-heteroatom-swap']
2026-08-14 17:03:24,765 | INFO |     split sizes: {'train': 3198, 'val': 399, 'test': 401}
2026-08-14 17:03:36,712 | INFO |   [category_bioisostere] 3998 mols (1:1), LR acc=0.499, conformers=150
2026-08-14 17:03:40,631 | INFO |     split sizes: {'train': 3198, 'val': 399, 'test': 401}
2026-08-14 17:03:54,538 | INFO |   [category_homologation] 3998 mols (1:1), LR acc=0.503, conformers=150
2026-08-14 17:03:57,499 | INFO |     split sizes: {'train': 3198, 'val': 399, 'test': 401}
2026-08-14 17:04:12,644 | INFO |   [category_scaffold-hop] 3998 mols (1:1), LR acc=0.525, conformers=150
2026-08-14 17:04:15,403 | INFO |     split sizes: {'train': 3144, 'val': 393, 'test': 393}
2026-08-14 17:04:31,201 | INFO |   [category_halogen-walk] 3930 mols (1:1), LR acc=0.547, conformers=150
2026-08-14 17:04:34,094 | INFO |     split sizes: {'train': 3193, 'val': 399, 'test': 400}
2026-08-14 17:04:53,377 | INFO |   [category_other] 3992 mols (1:1), LR acc=0.523, conformers=150
2026-08-14 17:04:56,486 | INFO |     split sizes: {'train': 1176, 'val': 147, 'test': 147}
2026-08-14 17:05:13,405 | INFO |   [subcategory_bioisostere.add-O] 1470 mols (1:1), LR acc=0.494, conformers=150
2026-08-14 17:05:13,897 | INFO |     split sizes: {'train': 254, 'val': 31, 'test': 33}
2026-08-14 17:05:26,024 | INFO |   [subcategory_bioisostere.add-N] 318 mols (1:1), LR acc=0.427, conformers=150
2026-08-14 17:05:26,860 | INFO |     split sizes: {'train': 776, 'val': 97, 'test': 97}
2026-08-14 17:05:39,589 | INFO |   [subcategory_bioisostere.unsaturation-change] 970 mols (1:1), LR acc=0.478, conformers=150
2026-08-14 17:05:39,875 | INFO |     split sizes: {'train': 144, 'val': 18, 'test': 18}
2026-08-14 17:05:52,886 | INFO |   [subcategory_bioisostere.F->O] 180 mols (1:1), LR acc=0.463, conformers=149
2026-08-14 17:05:53,144 | INFO |     split sizes: {'train': 129, 'val': 16, 'test': 17}
2026-08-14 17:06:01,608 | INFO |   [subcategory_bioisostere.N->O] 162 mols (1:1), LR acc=0.429, conformers=150
2026-08-14 17:06:03,087 | INFO |     split sizes: {'train': 1473, 'val': 184, 'test': 185}
2026-08-14 17:06:17,908 | INFO |   [subcategory_homologation.grow-single] 1842 mols (1:1), LR acc=0.51, conformers=150
2026-08-14 17:06:18,312 | INFO |     split sizes: {'train': 252, 'val': 31, 'test': 33}
2026-08-14 17:06:30,580 | INFO |   [subcategory_homologation.shrink-single] 316 mols (1:1), LR acc=0.453, conformers=150
2026-08-14 17:06:31,927 | INFO |     split sizes: {'train': 1299, 'val': 162, 'test': 163}
2026-08-14 17:06:45,048 | INFO |   [subcategory_homologation.grow-short] 1624 mols (1:1), LR acc=0.523, conformers=150
2026-08-14 17:06:45,300 | INFO |     split sizes: {'train': 147, 'val': 18, 'test': 19}
2026-08-14 17:07:00,485 | INFO |   [subcategory_homologation.grow-long] 184 mols (1:1), LR acc=0.482, conformers=149
2026-08-14 17:07:02,453 | INFO |     split sizes: {'train': 1886, 'val': 235, 'test': 237}
2026-08-14 17:07:18,087 | INFO |   [subcategory_scaffold-hop.aromatize] 2358 mols (1:1), LR acc=0.554, conformers=150
2026-08-14 17:07:19,090 | INFO |     split sizes: {'train': 987, 'val': 123, 'test': 124}
2026-08-14 17:07:31,423 | INFO |   [subcategory_scaffold-hop.add-ring] 1234 mols (1:1), LR acc=0.526, conformers=150
2026-08-14 17:07:31,844 | INFO |     split sizes: {'train': 275, 'val': 34, 'test': 35}
2026-08-14 17:07:41,204 | INFO |   [subcategory_scaffold-hop.ring-heteroatom-swap] 344 mols (1:1), LR acc=0.51, conformers=150
2026-08-14 17:07:42,210 | INFO |     split sizes: {'train': 966, 'val': 120, 'test': 122}
2026-08-14 17:07:58,321 | INFO |   [subcategory_halogen-walk.add-Cl] 1208 mols (1:1), LR acc=0.614, conformers=149
2026-08-14 17:07:58,633 | INFO |     split sizes: {'train': 177, 'val': 22, 'test': 23}
2026-08-14 17:08:09,529 | INFO |   [subcategory_halogen-walk.add-I] 222 mols (1:1), LR acc=0.657, conformers=150
2026-08-14 17:08:10,768 | INFO |     split sizes: {'train': 1227, 'val': 153, 'test': 154}
2026-08-14 17:08:23,733 | INFO |   [subcategory_halogen-walk.add-F] 1534 mols (1:1), LR acc=0.529, conformers=150
2026-08-14 17:08:24,133 | INFO |     split sizes: {'train': 328, 'val': 41, 'test': 41}
2026-08-14 17:08:33,608 | INFO |   [subcategory_halogen-walk.Cl->F] 410 mols (1:1), LR acc=0.447, conformers=150
2026-08-14 17:08:36,509 | INFO |     split sizes: {'train': 3193, 'val': 399, 'test': 400}
2026-08-14 17:08:47,745 | INFO |   [subcategory_other.other] 3992 mols (1:1), LR acc=0.523, conformers=150
2026-08-14 17:08:48,499 | INFO |     split sizes: {'train': 857, 'val': 107, 'test': 108}
2026-08-14 17:08:54,914 | INFO |   [evolved] 1072 mols (1:1), LR acc=0.516, conformers=150
2026-08-14 17:09:07,086 | INFO |     split sizes: {'train': 16730, 'val': 2092, 'test': 2090}
2026-08-14 17:09:14,816 | INFO |   [pooled] 20912 mols (1:1), LR acc=0.522, conformers=150
2026-08-14 17:09:14,817 | INFO | ============================================================
2026-08-14 17:09:14,817 | INFO | Built 24 benchmark datasets -> benchmark/
2026-08-14 17:09:14,817 | INFO | Worst trivial-LR accuracy across datasets: 0.657 (target ~0.5 = no shortcut)
=== [4/4] generate_conformers ===
2026-08-14 17:09:15,591 | INFO | Embedding 24826 unique molecules on 7 workers ...
2026-08-14 17:09:36,203 | INFO |   1000/24826 processed, 1000 embedded
2026-08-14 17:10:03,817 | INFO |   2000/24826 processed, 2000 embedded
2026-08-14 17:10:42,652 | INFO |   3000/24826 processed, 2999 embedded
2026-08-14 17:11:06,426 | INFO |   4000/24826 processed, 3999 embedded
2026-08-14 17:11:22,509 | INFO |   5000/24826 processed, 4999 embedded
2026-08-14 17:11:41,390 | INFO |   6000/24826 processed, 5999 embedded
2026-08-14 17:12:01,838 | INFO |   7000/24826 processed, 6999 embedded
2026-08-14 17:12:19,380 | INFO |   8000/24826 processed, 7999 embedded
2026-08-14 17:12:40,021 | INFO |   9000/24826 processed, 8999 embedded
2026-08-14 17:13:06,171 | INFO |   10000/24826 processed, 9999 embedded
2026-08-14 17:13:35,087 | INFO |   11000/24826 processed, 10998 embedded
2026-08-14 17:13:54,976 | INFO |   12000/24826 processed, 11998 embedded
2026-08-14 17:14:14,033 | INFO |   13000/24826 processed, 12997 embedded
2026-08-14 17:14:43,717 | INFO |   14000/24826 processed, 13997 embedded
2026-08-14 17:15:08,057 | INFO |   15000/24826 processed, 14995 embedded
2026-08-14 17:15:32,674 | INFO |   16000/24826 processed, 15995 embedded
2026-08-14 17:15:52,159 | INFO |   17000/24826 processed, 16995 embedded
2026-08-14 17:16:23,170 | INFO |   18000/24826 processed, 17993 embedded
2026-08-14 17:16:42,737 | INFO |   19000/24826 processed, 18993 embedded
2026-08-14 17:16:56,046 | INFO |   20000/24826 processed, 19993 embedded
2026-08-14 17:17:09,053 | INFO |   21000/24826 processed, 20993 embedded
2026-08-14 17:17:21,380 | INFO |   22000/24826 processed, 21993 embedded
2026-08-14 17:17:32,661 | INFO |   23000/24826 processed, 22993 embedded
2026-08-14 17:17:45,616 | INFO |   24000/24826 processed, 23993 embedded
2026-08-14 17:18:43,375 | INFO | Done: 24818/24826 embedded (100.0%) -> benchmark/conformers_full.sdf
=== ALL DONE ===
